Archive member included to satisfy reference by file (symbol)

c:/program files (x86)/atollic/truestudio for stm32 9.2.0/armtools/bin/../lib/gcc/arm-atollic-eabi/6.3.1/../../../../arm-atollic-eabi/lib/armv7e-m/fpu\libc_nano.a(lib_a-init.o)
                              startup\startup_stm32f334x8.o (__libc_init_array)
c:/program files (x86)/atollic/truestudio for stm32 9.2.0/armtools/bin/../lib/gcc/arm-atollic-eabi/6.3.1/../../../../arm-atollic-eabi/lib/armv7e-m/fpu\libc_nano.a(lib_a-memset.o)
                              Src\gpio.o (memset)
c:/program files (x86)/atollic/truestudio for stm32 9.2.0/armtools/bin/../lib/gcc/arm-atollic-eabi/6.3.1/armv7e-m/fpu\libgcc.a(_lshrdi3.o)
                              Drivers\STM32F3xx_HAL_Driver\Src\stm32f3xx_hal_flash.o (__aeabi_llsr)

Allocating common symbols
Common symbol       size              file

uwTick              0x4               Drivers\STM32F3xx_HAL_Driver\Src\stm32f3xx_hal.o
pFlash              0x20              Drivers\STM32F3xx_HAL_Driver\Src\stm32f3xx_hal_flash.o
htim3               0x40              Src\tim.o
var                 0x4               Src\main.o
huart2              0x70              Src\usart.o

Discarded input sections

 .text          0x00000000        0x0 c:/program files (x86)/atollic/truestudio for stm32 9.2.0/armtools/bin/../lib/gcc/arm-atollic-eabi/6.3.1/armv7e-m/fpu/crti.o
 .data          0x00000000        0x0 c:/program files (x86)/atollic/truestudio for stm32 9.2.0/armtools/bin/../lib/gcc/arm-atollic-eabi/6.3.1/armv7e-m/fpu/crti.o
 .bss           0x00000000        0x0 c:/program files (x86)/atollic/truestudio for stm32 9.2.0/armtools/bin/../lib/gcc/arm-atollic-eabi/6.3.1/armv7e-m/fpu/crti.o
 .data          0x00000000        0x4 c:/program files (x86)/atollic/truestudio for stm32 9.2.0/armtools/bin/../lib/gcc/arm-atollic-eabi/6.3.1/armv7e-m/fpu/crtbegin.o
 .text          0x00000000        0x0 CMSIS_SourcesK\ControllerFunctions.o
 .data          0x00000000        0x0 CMSIS_SourcesK\ControllerFunctions.o
 .bss           0x00000000        0x0 CMSIS_SourcesK\ControllerFunctions.o
 .debug_line    0x00000000        0x0 CMSIS_SourcesK\ControllerFunctions.o
 .debug_str     0x00000000      0x168 CMSIS_SourcesK\ControllerFunctions.o
 .comment       0x00000000       0x7d CMSIS_SourcesK\ControllerFunctions.o
 .ARM.attributes
                0x00000000       0x39 CMSIS_SourcesK\ControllerFunctions.o
 .text          0x00000000        0x0 CMSIS_SourcesK\arm_pid_init_f32.o
 .data          0x00000000        0x0 CMSIS_SourcesK\arm_pid_init_f32.o
 .bss           0x00000000        0x0 CMSIS_SourcesK\arm_pid_init_f32.o
 .text          0x00000000        0x0 CMSIS_SourcesK\arm_pid_reset_f32.o
 .data          0x00000000        0x0 CMSIS_SourcesK\arm_pid_reset_f32.o
 .bss           0x00000000        0x0 CMSIS_SourcesK\arm_pid_reset_f32.o
 .text.arm_pid_reset_f32
                0x00000000        0xa CMSIS_SourcesK\arm_pid_reset_f32.o
 .debug_info    0x00000000      0x97e CMSIS_SourcesK\arm_pid_reset_f32.o
 .debug_abbrev  0x00000000      0x1a1 CMSIS_SourcesK\arm_pid_reset_f32.o
 .debug_aranges
                0x00000000       0x20 CMSIS_SourcesK\arm_pid_reset_f32.o
 .debug_ranges  0x00000000       0x10 CMSIS_SourcesK\arm_pid_reset_f32.o
 .debug_line    0x00000000      0x1da CMSIS_SourcesK\arm_pid_reset_f32.o
 .debug_str     0x00000000      0x6bf CMSIS_SourcesK\arm_pid_reset_f32.o
 .comment       0x00000000       0x7d CMSIS_SourcesK\arm_pid_reset_f32.o
 .debug_frame   0x00000000       0x20 CMSIS_SourcesK\arm_pid_reset_f32.o
 .ARM.attributes
                0x00000000       0x39 CMSIS_SourcesK\arm_pid_reset_f32.o
 .text          0x00000000        0x0 CMSIS_SourcesK\arm_sin_cos_f32.o
 .data          0x00000000        0x0 CMSIS_SourcesK\arm_sin_cos_f32.o
 .bss           0x00000000        0x0 CMSIS_SourcesK\arm_sin_cos_f32.o
 .text.arm_sin_cos_f32
                0x00000000      0x100 CMSIS_SourcesK\arm_sin_cos_f32.o
 .debug_info    0x00000000     0x10e3 CMSIS_SourcesK\arm_sin_cos_f32.o
 .debug_abbrev  0x00000000      0x1e8 CMSIS_SourcesK\arm_sin_cos_f32.o
 .debug_loc     0x00000000      0x292 CMSIS_SourcesK\arm_sin_cos_f32.o
 .debug_aranges
                0x00000000       0x20 CMSIS_SourcesK\arm_sin_cos_f32.o
 .debug_ranges  0x00000000       0x10 CMSIS_SourcesK\arm_sin_cos_f32.o
 .debug_line    0x00000000      0x2cb CMSIS_SourcesK\arm_sin_cos_f32.o
 .debug_str     0x00000000      0xbf0 CMSIS_SourcesK\arm_sin_cos_f32.o
 .comment       0x00000000       0x7d CMSIS_SourcesK\arm_sin_cos_f32.o
 .debug_frame   0x00000000       0x2c CMSIS_SourcesK\arm_sin_cos_f32.o
 .ARM.attributes
                0x00000000       0x39 CMSIS_SourcesK\arm_sin_cos_f32.o
 .text          0x00000000        0x0 Drivers\STM32F3xx_HAL_Driver\Src\stm32f3xx_hal.o
 .data          0x00000000        0x0 Drivers\STM32F3xx_HAL_Driver\Src\stm32f3xx_hal.o
 .bss           0x00000000        0x0 Drivers\STM32F3xx_HAL_Driver\Src\stm32f3xx_hal.o
 .text.HAL_MspInit
[...]
Memory Configuration

Name             Origin             Length             Attributes
RAM              0x20000000         0x00003000         xrw
CCMRAM           0x10000000         0x00001000         rw
FLASH            0x08000000         0x00010000         xr
*default*        0x00000000         0xffffffff

Linker script and memory map

LOAD c:/program files (x86)/atollic/truestudio for stm32 9.2.0/armtools/bin/../lib/gcc/arm-atollic-eabi/6.3.1/armv7e-m/fpu/crti.o
LOAD c:/program files (x86)/atollic/truestudio for stm32 9.2.0/armtools/bin/../lib/gcc/arm-atollic-eabi/6.3.1/armv7e-m/fpu/crtbegin.o
LOAD CMSIS_SourcesK\ControllerFunctions.o
LOAD CMSIS_SourcesK\arm_pid_init_f32.o
LOAD CMSIS_SourcesK\arm_pid_reset_f32.o
LOAD CMSIS_SourcesK\arm_sin_cos_f32.o
LOAD Drivers\STM32F3xx_HAL_Driver\Src\stm32f3xx_hal.o
LOAD Drivers\STM32F3xx_HAL_Driver\Src\stm32f3xx_hal_cortex.o
LOAD Drivers\STM32F3xx_HAL_Driver\Src\stm32f3xx_hal_dma.o
LOAD Drivers\STM32F3xx_HAL_Driver\Src\stm32f3xx_hal_flash.o
LOAD Drivers\STM32F3xx_HAL_Driver\Src\stm32f3xx_hal_flash_ex.o
LOAD Drivers\STM32F3xx_HAL_Driver\Src\stm32f3xx_hal_gpio.o
LOAD Drivers\STM32F3xx_HAL_Driver\Src\stm32f3xx_hal_i2c.o
LOAD Drivers\STM32F3xx_HAL_Driver\Src\stm32f3xx_hal_i2c_ex.o
LOAD Drivers\STM32F3xx_HAL_Driver\Src\stm32f3xx_hal_pwr.o
LOAD Drivers\STM32F3xx_HAL_Driver\Src\stm32f3xx_hal_pwr_ex.o
LOAD Drivers\STM32F3xx_HAL_Driver\Src\stm32f3xx_hal_rcc.o
LOAD Drivers\STM32F3xx_HAL_Driver\Src\stm32f3xx_hal_rcc_ex.o
LOAD Drivers\STM32F3xx_HAL_Driver\Src\stm32f3xx_hal_tim.o
LOAD Drivers\STM32F3xx_HAL_Driver\Src\stm32f3xx_hal_tim_ex.o
LOAD Drivers\STM32F3xx_HAL_Driver\Src\stm32f3xx_hal_uart.o
LOAD Drivers\STM32F3xx_HAL_Driver\Src\stm32f3xx_hal_uart_ex.o
LOAD Drivers\STM32F3xx_HAL_Driver\Src\stm32f3xx_ll_exti.o
LOAD Drivers\STM32F3xx_HAL_Driver\Src\stm32f3xx_ll_gpio.o
LOAD Drivers\STM32F3xx_HAL_Driver\Src\stm32f3xx_ll_utils.o
LOAD Src\gpio.o
LOAD Src\main.o
LOAD Src\stm32f3xx_hal_msp.o
LOAD Src\stm32f3xx_it.o
LOAD Src\system_stm32f3xx.o
LOAD Src\tim.o
LOAD Src\usart.o
LOAD startup\startup_stm32f334x8.o
                0x00000080                malloc_getpagesize_P = 0x80
START GROUP
LOAD c:/program files (x86)/atollic/truestudio for stm32 9.2.0/armtools/bin/../lib/gcc/arm-atollic-eabi/6.3.1/../../../../arm-atollic-eabi/lib/armv7e-m/fpu\libc_nano.a
LOAD c:/program files (x86)/atollic/truestudio for stm32 9.2.0/armtools/bin/../lib/gcc/arm-atollic-eabi/6.3.1/../../../../arm-atollic-eabi/lib/armv7e-m/fpu\libm.a
END GROUP
START GROUP
LOAD c:/program files (x86)/atollic/truestudio for stm32 9.2.0/armtools/bin/../lib/gcc/arm-atollic-eabi/6.3.1/armv7e-m/fpu\libgcc.a
LOAD c:/program files (x86)/atollic/truestudio for stm32 9.2.0/armtools/bin/../lib/gcc/arm-atollic-eabi/6.3.1/../../../../arm-atollic-eabi/lib/armv7e-m/fpu\libc_nano.a
END GROUP
START GROUP
LOAD c:/program files (x86)/atollic/truestudio for stm32 9.2.0/armtools/bin/../lib/gcc/arm-atollic-eabi/6.3.1/armv7e-m/fpu\libgcc.a
LOAD c:/program files (x86)/atollic/truestudio for stm32 9.2.0/armtools/bin/../lib/gcc/arm-atollic-eabi/6.3.1/../../../../arm-atollic-eabi/lib/armv7e-m/fpu\libc_nano.a
LOAD c:/program files (x86)/atollic/truestudio for stm32 9.2.0/armtools/bin/../lib/gcc/arm-atollic-eabi/6.3.1/../../../../arm-atollic-eabi/lib/armv7e-m/fpu\libnosys.a
END GROUP
START GROUP
LOAD c:/program files (x86)/atollic/truestudio for stm32 9.2.0/armtools/bin/../lib/gcc/arm-atollic-eabi/6.3.1/armv7e-m/fpu\libgcc.a
LOAD c:/program files (x86)/atollic/truestudio for stm32 9.2.0/armtools/bin/../lib/gcc/arm-atollic-eabi/6.3.1/../../../../arm-atollic-eabi/lib/armv7e-m/fpu\libc_nano.a
LOAD c:/program files (x86)/atollic/truestudio for stm32 9.2.0/armtools/bin/../lib/gcc/arm-atollic-eabi/6.3.1/../../../../arm-atollic-eabi/lib/armv7e-m/fpu\libnosys.a
END GROUP
LOAD c:/program files (x86)/atollic/truestudio for stm32 9.2.0/armtools/bin/../lib/gcc/arm-atollic-eabi/6.3.1/armv7e-m/fpu/crtend.o
LOAD c:/program files (x86)/atollic/truestudio for stm32 9.2.0/armtools/bin/../lib/gcc/arm-atollic-eabi/6.3.1/armv7e-m/fpu/crtn.o
                0x20003000                _estack = 0x20003000
                0x00000200                _Min_Heap_Size = 0x200
                0x00000400                _Min_Stack_Size = 0x400

.isr_vector     0x08000000      0x188
                0x08000000                . = ALIGN (0x4)
 *(.isr_vector)
 .isr_vector    0x08000000      0x188 startup\startup_stm32f334x8.o
                0x08000000                g_pfnVectors
                0x08000188                . = ALIGN (0x4)

.text           0x08000188     0x1d6c
                0x08000188                . = ALIGN (0x4)
 *(.text)
 .text          0x08000188       0x40 c:/program files (x86)/atollic/truestudio for stm32 9.2.0/armtools/bin/../lib/gcc/arm-atollic-eabi/6.3.1/armv7e-m/fpu/crtbegin.o
 *(.text*)
 .text.arm_pid_init_f32
                0x080001c8       0x34 CMSIS_SourcesK\arm_pid_init_f32.o
                0x080001c8                arm_pid_init_f32
 .text.HAL_InitTick
                0x080001fc       0x48 Drivers\STM32F3xx_HAL_Driver\Src\stm32f3xx_hal.o
                0x080001fc                HAL_InitTick
 .text.HAL_Init
                0x08000244       0x24 Drivers\STM32F3xx_HAL_Driver\Src\stm32f3xx_hal.o
                0x08000244                HAL_Init
 .text.HAL_IncTick
                0x08000268       0x18 Drivers\STM32F3xx_HAL_Driver\Src\stm32f3xx_hal.o
                0x08000268                HAL_IncTick
 .text.HAL_GetTick
                0x08000280        0xc Drivers\STM32F3xx_HAL_Driver\Src\stm32f3xx_hal.o
                0x08000280                HAL_GetTick
 .text.HAL_NVIC_SetPriorityGrouping
                0x0800028c       0x24 Drivers\STM32F3xx_HAL_Driver\Src\stm32f3xx_hal_cortex.o
                0x0800028c                HAL_NVIC_SetPriorityGrouping
 .text.HAL_NVIC_SetPriority
                0x080002b0       0x68 Drivers\STM32F3xx_HAL_Driver\Src\stm32f3xx_hal_cortex.o
                0x080002b0                HAL_NVIC_SetPriority
 .text.HAL_SYSTICK_Config
                0x08000318       0x2c Drivers\STM32F3xx_HAL_Driver\Src\stm32f3xx_hal_cortex.o
                0x08000318                HAL_SYSTICK_Config
 .text.HAL_GPIO_Init
                0x08000344      0x174 Drivers\STM32F3xx_HAL_Driver\Src\stm32f3xx_hal_gpio.o
                0x08000344                HAL_GPIO_Init
 .text.HAL_RCC_OscConfig
                0x080004b8      0x4ec Drivers\STM32F3xx_HAL_Driver\Src\stm32f3xx_hal_rcc.o
                0x080004b8                HAL_RCC_OscConfig
 .text.HAL_RCC_GetSysClockFreq
                0x080009a4       0x64 Drivers\STM32F3xx_HAL_Driver\Src\stm32f3xx_hal_rcc.o
                0x080009a4                HAL_RCC_GetSysClockFreq
 .text.HAL_RCC_ClockConfig
                0x08000a08      0x154 Drivers\STM32F3xx_HAL_Driver\Src\stm32f3xx_hal_rcc.o
                0x08000a08                HAL_RCC_ClockConfig
 .text.HAL_RCC_GetPCLK1Freq
                0x08000b5c       0x30 Drivers\STM32F3xx_HAL_Driver\Src\stm32f3xx_hal_rcc.o
                0x08000b5c                HAL_RCC_GetPCLK1Freq
 .text.HAL_RCC_GetPCLK2Freq
                0x08000b8c       0x30 Drivers\STM32F3xx_HAL_Driver\Src\stm32f3xx_hal_rcc.o
                0x08000b8c                HAL_RCC_GetPCLK2Freq
 .text.HAL_TIM_PWM_MspInit
                0x08000bbc        0x2 Drivers\STM32F3xx_HAL_Driver\Src\stm32f3xx_hal_tim.o
                0x08000bbc                HAL_TIM_PWM_MspInit
 *fill*         0x08000bbe        0x2 
 .text.TIM_Base_SetConfig
                0x08000bc0       0x94 Drivers\STM32F3xx_HAL_Driver\Src\stm32f3xx_hal_tim.o
                0x08000bc0                TIM_Base_SetConfig
 .text.HAL_TIM_Base_Init
                0x08000c54       0x34 Drivers\STM32F3xx_HAL_Driver\Src\stm32f3xx_hal_tim.o
                0x08000c54                HAL_TIM_Base_Init
 .text.HAL_TIM_PWM_Init
                0x08000c88       0x34 Drivers\STM32F3xx_HAL_Driver\Src\stm32f3xx_hal_tim.o
                0x08000c88                HAL_TIM_PWM_Init
 .text.TIM_OC1_SetConfig
                0x08000cbc       0x88 Drivers\STM32F3xx_HAL_Driver\Src\stm32f3xx_hal_tim.o
                0x08000cbc                TIM_OC1_SetConfig
 .text.TIM_OC2_SetConfig
                0x08000d44       0x78 Drivers\STM32F3xx_HAL_Driver\Src\stm32f3xx_hal_tim.o
                0x08000d44                TIM_OC2_SetConfig
 .text.TIM_OC3_SetConfig
                0x08000dbc       0x78 Drivers\STM32F3xx_HAL_Driver\Src\stm32f3xx_hal_tim.o
                0x08000dbc                TIM_OC3_SetConfig
 .text.TIM_OC4_SetConfig
                0x08000e34       0x60 Drivers\STM32F3xx_HAL_Driver\Src\stm32f3xx_hal_tim.o
                0x08000e34                TIM_OC4_SetConfig
 .text.TIM_ETR_SetConfig
                0x08000e94       0x14 Drivers\STM32F3xx_HAL_Driver\Src\stm32f3xx_hal_tim.o
                0x08000e94                TIM_ETR_SetConfig
 .text.HAL_TIM_ConfigClockSource
                0x08000ea8      0x16c Drivers\STM32F3xx_HAL_Driver\Src\stm32f3xx_hal_tim.o
                0x08000ea8                HAL_TIM_ConfigClockSource
 .text.TIM_CCxChannelCmd
                0x08001014       0x18 Drivers\STM32F3xx_HAL_Driver\Src\stm32f3xx_hal_tim.o
                0x08001014                TIM_CCxChannelCmd
 .text.HAL_TIM_PWM_Start
                0x0800102c       0x44 Drivers\STM32F3xx_HAL_Driver\Src\stm32f3xx_hal_tim.o
                0x0800102c                HAL_TIM_PWM_Start
 .text.TIM_OC5_SetConfig
                0x08001070       0x60 Drivers\STM32F3xx_HAL_Driver\Src\stm32f3xx_hal_tim_ex.o
 .text.TIM_OC6_SetConfig
                0x080010d0       0x60 Drivers\STM32F3xx_HAL_Driver\Src\stm32f3xx_hal_tim_ex.o
 .text.HAL_TIM_PWM_ConfigChannel
                0x08001130      0x10e Drivers\STM32F3xx_HAL_Driver\Src\stm32f3xx_hal_tim_ex.o
                0x08001130                HAL_TIM_PWM_ConfigChannel
 *fill*         0x0800123e        0x2 
 .text.HAL_TIMEx_MasterConfigSynchronization
                0x08001240       0x44 Drivers\STM32F3xx_HAL_Driver\Src\stm32f3xx_hal_tim_ex.o
                0x08001240                HAL_TIMEx_MasterConfigSynchronization
 .text.UART_SetConfig
                0x08001284      0x14c Drivers\STM32F3xx_HAL_Driver\Src\stm32f3xx_hal_uart.o
                0x08001284                UART_SetConfig
 .text.UART_AdvFeatureConfig
                0x080013d0       0xa8 Drivers\STM32F3xx_HAL_Driver\Src\stm32f3xx_hal_uart.o
                0x080013d0                UART_AdvFeatureConfig
 .text.UART_WaitOnFlagUntilTimeout
                0x08001478       0x62 Drivers\STM32F3xx_HAL_Driver\Src\stm32f3xx_hal_uart.o
                0x08001478                UART_WaitOnFlagUntilTimeout
 .text.UART_CheckIdleState
                0x080014da       0x64 Drivers\STM32F3xx_HAL_Driver\Src\stm32f3xx_hal_uart.o
                0x080014da                UART_CheckIdleState
 .text.HAL_UART_Init
                0x0800153e       0x64 Drivers\STM32F3xx_HAL_Driver\Src\stm32f3xx_hal_uart.o
                0x0800153e                HAL_UART_Init
 *fill*         0x080015a2        0x2 
 .text.LL_EXTI_Init
                0x080015a4      0x138 Drivers\STM32F3xx_HAL_Driver\Src\stm32f3xx_ll_exti.o
                0x080015a4                LL_EXTI_Init
 .text.LL_GPIO_Init
                0x080016dc      0x144 Drivers\STM32F3xx_HAL_Driver\Src\stm32f3xx_ll_gpio.o
                0x080016dc                LL_GPIO_Init
 .text.LL_AHB1_GRP1_EnableClock
                0x08001820       0x1c Src\gpio.o
 .text.MX_GPIO_Init
                0x0800183c      0x100 Src\gpio.o
                0x0800183c                MX_GPIO_Init
 .text.CNC_PollSignal_2
                0x0800193c       0xfc Src\main.o
                0x0800193c                CNC_PollSignal_2
 .text.SystemClock_Config
                0x08001a38       0x58 Src\main.o
                0x08001a38                SystemClock_Config
 .text.startup.main
                0x08001a90      0x120 Src\main.o
                0x08001a90                main
 .text.Error_Handler
                0x08001bb0        0x2 Src\main.o
                0x08001bb0                Error_Handler
 *fill*         0x08001bb2        0x2 
 .text.HAL_MspInit
                0x08001bb4       0x38 Src\stm32f3xx_hal_msp.o
                0x08001bb4                HAL_MspInit
 .text.NMI_Handler
                0x08001bec        0x2 Src\stm32f3xx_it.o
                0x08001bec                NMI_Handler
 .text.HardFault_Handler
                0x08001bee        0x2 Src\stm32f3xx_it.o
                0x08001bee                HardFault_Handler
 .text.MemManage_Handler
                0x08001bf0        0x2 Src\stm32f3xx_it.o
                0x08001bf0                MemManage_Handler
 .text.BusFault_Handler
                0x08001bf2        0x2 Src\stm32f3xx_it.o
                0x08001bf2                BusFault_Handler
 .text.UsageFault_Handler
                0x08001bf4        0x2 Src\stm32f3xx_it.o
                0x08001bf4                UsageFault_Handler
 .text.SVC_Handler
                0x08001bf6        0x2 Src\stm32f3xx_it.o
                0x08001bf6                SVC_Handler
 .text.DebugMon_Handler
                0x08001bf8        0x2 Src\stm32f3xx_it.o
                0x08001bf8                DebugMon_Handler
 .text.PendSV_Handler
                0x08001bfa        0x2 Src\stm32f3xx_it.o
                0x08001bfa                PendSV_Handler
 .text.SysTick_Handler
                0x08001bfc        0x4 Src\stm32f3xx_it.o
                0x08001bfc                SysTick_Handler
 .text.SystemInit
                0x08001c00       0x68 Src\system_stm32f3xx.o
                0x08001c00                SystemInit
 .text.HAL_TIM_Base_MspInit
                0x08001c68       0x28 Src\tim.o
                0x08001c68                HAL_TIM_Base_MspInit
 .text.HAL_TIM_MspPostInit
                0x08001c90       0x4c Src\tim.o
                0x08001c90                HAL_TIM_MspPostInit
 .text.MX_TIM3_Init
                0x08001cdc       0xb4 Src\tim.o
                0x08001cdc                MX_TIM3_Init
 .text.MX_USART2_UART_Init
                0x08001d90       0x3c Src\usart.o
                0x08001d90                MX_USART2_UART_Init
 .text.HAL_UART_MspInit
                0x08001dcc       0x64 Src\usart.o
                0x08001dcc                HAL_UART_MspInit
 .text.Reset_Handler
                0x08001e30       0x50 startup\startup_stm32f334x8.o
                0x08001e30                Reset_Handler
 .text.Default_Handler
                0x08001e80        0x2 startup\startup_stm32f334x8.o
                0x08001e80                RTC_Alarm_IRQHandler
                0x08001e80                HRTIM1_Master_IRQHandler
                0x08001e80                TIM1_CC_IRQHandler
                0x08001e80                HRTIM1_FLT_IRQHandler
                0x08001e80                PVD_IRQHandler
                0x08001e80                HRTIM1_TIMD_IRQHandler
                0x08001e80                TAMP_STAMP_IRQHandler
                0x08001e80                EXTI3_IRQHandler
                0x08001e80                EXTI0_IRQHandler
                0x08001e80                FPU_IRQHandler
                0x08001e80                CAN_TX_IRQHandler
                0x08001e80                TIM1_UP_TIM16_IRQHandler
                0x08001e80                ADC1_2_IRQHandler
                0x08001e80                HRTIM1_TIME_IRQHandler
                0x08001e80                SPI1_IRQHandler
                0x08001e80                CAN_SCE_IRQHandler
                0x08001e80                HRTIM1_TIMC_IRQHandler
                0x08001e80                DMA1_Channel4_IRQHandler
                0x08001e80                USART3_IRQHandler
                0x08001e80                DMA1_Channel7_IRQHandler
                0x08001e80                TIM7_DAC2_IRQHandler
                0x08001e80                CAN_RX1_IRQHandler
                0x08001e80                I2C1_EV_IRQHandler
                0x08001e80                DMA1_Channel6_IRQHandler
                0x08001e80                TIM3_IRQHandler
                0x08001e80                RCC_IRQHandler
                0x08001e80                DMA1_Channel1_IRQHandler
                0x08001e80                Default_Handler
                0x08001e80                EXTI15_10_IRQHandler
                0x08001e80                COMP2_IRQHandler
                0x08001e80                HRTIM1_TIMA_IRQHandler
                0x08001e80                TIM6_DAC1_IRQHandler
                0x08001e80                EXTI9_5_IRQHandler
                0x08001e80                RTC_WKUP_IRQHandler
                0x08001e80                DMA1_Channel5_IRQHandler
                0x08001e80                EXTI4_IRQHandler
                0x08001e80                HRTIM1_TIMB_IRQHandler
                0x08001e80                TIM1_TRG_COM_TIM17_IRQHandler
                0x08001e80                DMA1_Channel3_IRQHandler
                0x08001e80                WWDG_IRQHandler
                0x08001e80                TIM2_IRQHandler
                0x08001e80                EXTI1_IRQHandler
                0x08001e80                COMP4_6_IRQHandler
                0x08001e80                USART2_IRQHandler
                0x08001e80                DMA1_Channel2_IRQHandler
                0x08001e80                FLASH_IRQHandler
                0x08001e80                USART1_IRQHandler
                0x08001e80                CAN_RX0_IRQHandler
                0x08001e80                I2C1_ER_IRQHandler
                0x08001e80                EXTI2_TSC_IRQHandler
                0x08001e80                TIM1_BRK_TIM15_IRQHandler
 *fill*         0x08001e82        0x2 
 .text.__libc_init_array
                0x08001e84       0x48 c:/program files (x86)/atollic/truestudio for stm32 9.2.0/armtools/bin/../lib/gcc/arm-atollic-eabi/6.3.1/../../../../arm-atollic-eabi/lib/armv7e-m/fpu\libc_nano.a(lib_a-init.o)
                0x08001e84                __libc_init_array
 .text.memset   0x08001ecc       0x10 c:/program files (x86)/atollic/truestudio for stm32 9.2.0/armtools/bin/../lib/gcc/arm-atollic-eabi/6.3.1/../../../../arm-atollic-eabi/lib/armv7e-m/fpu\libc_nano.a(lib_a-memset.o)
                0x08001ecc                memset
 *(.glue_7)
 .glue_7        0x08001edc        0x0 linker stubs
 *(.glue_7t)
 .glue_7t       0x08001edc        0x0 linker stubs
 *(.eh_frame)
 .eh_frame      0x08001edc        0x0 c:/program files (x86)/atollic/truestudio for stm32 9.2.0/armtools/bin/../lib/gcc/arm-atollic-eabi/6.3.1/armv7e-m/fpu/crtbegin.o
 *(.init)
 .init          0x08001edc        0x4 c:/program files (x86)/atollic/truestudio for stm32 9.2.0/armtools/bin/../lib/gcc/arm-atollic-eabi/6.3.1/armv7e-m/fpu/crti.o
                0x08001edc                _init
 .init          0x08001ee0        0x8 c:/program files (x86)/atollic/truestudio for stm32 9.2.0/armtools/bin/../lib/gcc/arm-atollic-eabi/6.3.1/armv7e-m/fpu/crtn.o
 *(.fini)
 .fini          0x08001ee8        0x4 c:/program files (x86)/atollic/truestudio for stm32 9.2.0/armtools/bin/../lib/gcc/arm-atollic-eabi/6.3.1/armv7e-m/fpu/crti.o
                0x08001ee8                _fini
 .fini          0x08001eec        0x8 c:/program files (x86)/atollic/truestudio for stm32 9.2.0/armtools/bin/../lib/gcc/arm-atollic-eabi/6.3.1/armv7e-m/fpu/crtn.o
                0x08001ef4                . = ALIGN (0x4)
                0x08001ef4                _etext = .

.vfp11_veneer   0x08001ef4        0x0
 .vfp11_veneer  0x08001ef4        0x0 linker stubs

.v4_bx          0x08001ef4        0x0
 .v4_bx         0x08001ef4        0x0 linker stubs

.iplt           0x08001ef4        0x0
 .iplt          0x08001ef4        0x0 c:/program files (x86)/atollic/truestudio for stm32 9.2.0/armtools/bin/../lib/gcc/arm-atollic-eabi/6.3.1/armv7e-m/fpu/crtbegin.o

.rodata         0x08001ef4       0x3c
                0x08001ef4                . = ALIGN (0x4)
 *(.rodata)
 *(.rodata*)
 .rodata.aPLLMULFactorTable
                0x08001ef4       0x10 Drivers\STM32F3xx_HAL_Driver\Src\stm32f3xx_hal_rcc.o
                0x08001ef4                aPLLMULFactorTable
 .rodata.aPredivFactorTable
                0x08001f04       0x10 Drivers\STM32F3xx_HAL_Driver\Src\stm32f3xx_hal_rcc.o
                0x08001f04                aPredivFactorTable
 .rodata.CSWTCH.45
                0x08001f14        0x4 Drivers\STM32F3xx_HAL_Driver\Src\stm32f3xx_hal_uart.o
 .rodata.AHBPrescTable
                0x08001f18       0x10 Src\system_stm32f3xx.o
                0x08001f18                AHBPrescTable
 .rodata.APBPrescTable
                0x08001f28        0x8 Src\system_stm32f3xx.o
                0x08001f28                APBPrescTable
                0x08001f30                . = ALIGN (0x4)

.rel.dyn        0x08001f30        0x0
 .rel.iplt      0x08001f30        0x0 c:/program files (x86)/atollic/truestudio for stm32 9.2.0/armtools/bin/../lib/gcc/arm-atollic-eabi/6.3.1/armv7e-m/fpu/crtbegin.o

.ARM.extab
 *(.ARM.extab* .gnu.linkonce.armextab.*)

.ARM            0x08001f30        0x0
                0x08001f30                __exidx_start = .
 *(.ARM.exidx*)
                0x08001f30                __exidx_end = .

.preinit_array  0x08001f30        0x0
                0x08001f30                PROVIDE (__preinit_array_start, .)
 *(.preinit_array*)
                0x08001f30                PROVIDE (__preinit_array_end, .)

.init_array     0x08001f30        0x4
                0x08001f30                PROVIDE (__init_array_start, .)
 *(SORT(.init_array.*))
 *(.init_array*)
 .init_array    0x08001f30        0x4 c:/program files (x86)/atollic/truestudio for stm32 9.2.0/armtools/bin/../lib/gcc/arm-atollic-eabi/6.3.1/armv7e-m/fpu/crtbegin.o
                0x08001f34                PROVIDE (__init_array_end, .)

.fini_array     0x08001f34        0x4
                [!provide]                PROVIDE (__fini_array_start, .)
 *(SORT(.fini_array.*))
 *(.fini_array*)
 .fini_array    0x08001f34        0x4 c:/program files (x86)/atollic/truestudio for stm32 9.2.0/armtools/bin/../lib/gcc/arm-atollic-eabi/6.3.1/armv7e-m/fpu/crtbegin.o
                [!provide]                PROVIDE (__fini_array_end, .)
                0x08001f38                _sidata = LOADADDR (.data)

.data           0x20000000        0xc load address 0x08001f38
                0x20000000                . = ALIGN (0x4)
                0x20000000                _sdata = .
 *(.data)
 *(.data*)
 .data.uwTickFreq
                0x20000000        0x1 Drivers\STM32F3xx_HAL_Driver\Src\stm32f3xx_hal.o
                0x20000000                uwTickFreq
 *fill*         0x20000001        0x3 
 .data.uwTickPrio
                0x20000004        0x4 Drivers\STM32F3xx_HAL_Driver\Src\stm32f3xx_hal.o
                0x20000004                uwTickPrio
 .data.SystemCoreClock
                0x20000008        0x4 Src\system_stm32f3xx.o
                0x20000008                SystemCoreClock
                0x2000000c                . = ALIGN (0x4)
                0x2000000c                _edata = .
                0x08001f44                _siccmram = LOADADDR (.ccmram)

.igot.plt       0x2000000c        0x0 load address 0x08001f44
 .igot.plt      0x2000000c        0x0 c:/program files (x86)/atollic/truestudio for stm32 9.2.0/armtools/bin/../lib/gcc/arm-atollic-eabi/6.3.1/armv7e-m/fpu/crtbegin.o

.ccmram         0x10000000        0x0 load address 0x08001f44
                0x10000000                . = ALIGN (0x4)
                0x10000000                _sccmram = .
 *(.ccmram)
 *(.ccmram*)
                0x10000000                . = ALIGN (0x4)
                0x10000000                _eccmram = .
                0x10000000                . = ALIGN (0x4)

.bss            0x2000000c       0xec
                0x2000000c                _sbss = .
                0x2000000c                __bss_start__ = _sbss
 *(.bss)
 .bss           0x2000000c       0x1c c:/program files (x86)/atollic/truestudio for stm32 9.2.0/armtools/bin/../lib/gcc/arm-atollic-eabi/6.3.1/armv7e-m/fpu/crtbegin.o
 *(.bss*)
 .bss.Aux_Axis_Pos
                0x20000028        0x4 Src\main.o
                0x20000028                Aux_Axis_Pos
 .bss.Axis_Pos  0x2000002c        0x4 Src\main.o
                0x2000002c                Axis_Pos
 .bss.CNT_StepPin_Old_State.12966
                0x20000030        0x1 Src\main.o
 .bss.ENC_APin_Old_State.12967
                0x20000031        0x1 Src\main.o
 .bss.ENC_BPin_Old_State.12968
                0x20000032        0x1 Src\main.o
 .bss.ENC_RotPin_Old_State.12969
                0x20000033        0x1 Src\main.o
 .bss.Flag_Invert
                0x20000034        0x4 Src\main.o
                0x20000034                Flag_Invert
 .bss.Flag_rotation
                0x20000038        0x4 Src\main.o
                0x20000038                Flag_rotation
 .bss.OutputScaled
                0x2000003c        0x2 Src\main.o
                0x2000003c                OutputScaled
 *fill*         0x2000003e        0x2 
 .bss.Set_Pos   0x20000040        0x4 Src\main.o
                0x20000040                Set_Pos
 *(COMMON)
 COMMON         0x20000044        0x4 Drivers\STM32F3xx_HAL_Driver\Src\stm32f3xx_hal.o
                0x20000044                uwTick
 COMMON         0x20000048       0x40 Src\tim.o
                0x20000048                htim3
 COMMON         0x20000088       0x70 Src\usart.o
                0x20000088                huart2
                0x200000f8                . = ALIGN (0x4)
                0x200000f8                _ebss = .
                0x200000f8                __bss_end__ = _ebss

._user_heap_stack
                0x200000f8      0x600
                0x200000f8                . = ALIGN (0x4)
                [!provide]                PROVIDE (end, .)
                [!provide]                PROVIDE (_end, .)
                0x200002f8                . = (. + _Min_Heap_Size)
 *fill*         0x200000f8      0x200 
                0x200006f8                . = (. + _Min_Stack_Size)
 *fill*         0x200002f8      0x400 
                0x200006f8                . = ALIGN (0x4)

/DISCARD/
 libc.a(*)
 libm.a(*)
 libgcc.a(*)

.ARM.attributes
                0x00000000       0x30
 *(.ARM.attributes)
 .ARM.attributes
                0x00000000       0x22 c:/program files (x86)/atollic/truestudio for stm32 9.2.0/armtools/bin/../lib/gcc/arm-atollic-eabi/6.3.1/armv7e-m/fpu/crti.o
 .ARM.attributes
                0x00000022       0x34 c:/program files (x86)/atollic/truestudio for stm32 9.2.0/armtools/bin/../lib/gcc/arm-atollic-eabi/6.3.1/armv7e-m/fpu/crtbegin.o
 .ARM.attributes
                0x00000056       0x39 CMSIS_SourcesK\arm_pid_init_f32.o
 .ARM.attributes
                0x0000008f       0x39 Drivers\STM32F3xx_HAL_Driver\Src\stm32f3xx_hal.o
 .ARM.attributes
                0x000000c8       0x39 Drivers\STM32F3xx_HAL_Driver\Src\stm32f3xx_hal_cortex.o
 .ARM.attributes
                0x00000101       0x39 Drivers\STM32F3xx_HAL_Driver\Src\stm32f3xx_hal_gpio.o
 .ARM.attributes
                0x0000013a       0x39 Drivers\STM32F3xx_HAL_Driver\Src\stm32f3xx_hal_rcc.o
 .ARM.attributes
                0x00000173       0x39 Drivers\STM32F3xx_HAL_Driver\Src\stm32f3xx_hal_tim.o
 .ARM.attributes
                0x000001ac       0x39 Drivers\STM32F3xx_HAL_Driver\Src\stm32f3xx_hal_tim_ex.o
 .ARM.attributes
                0x000001e5       0x39 Drivers\STM32F3xx_HAL_Driver\Src\stm32f3xx_hal_uart.o
 .ARM.attributes
                0x0000021e       0x39 Drivers\STM32F3xx_HAL_Driver\Src\stm32f3xx_ll_exti.o
 .ARM.attributes
                0x00000257       0x39 Drivers\STM32F3xx_HAL_Driver\Src\stm32f3xx_ll_gpio.o
 .ARM.attributes
                0x00000290       0x39 Src\gpio.o
 .ARM.attributes
                0x000002c9       0x39 Src\main.o
 .ARM.attributes
                0x00000302       0x39 Src\stm32f3xx_hal_msp.o
 .ARM.attributes
                0x0000033b       0x39 Src\stm32f3xx_it.o
 .ARM.attributes
                0x00000374       0x39 Src\system_stm32f3xx.o
 .ARM.attributes
                0x000003ad       0x39 Src\tim.o
 .ARM.attributes
                0x000003e6       0x39 Src\usart.o
 .ARM.attributes
                0x0000041f       0x21 startup\startup_stm32f334x8.o
 .ARM.attributes
                0x00000440       0x34 c:/program files (x86)/atollic/truestudio for stm32 9.2.0/armtools/bin/../lib/gcc/arm-atollic-eabi/6.3.1/../../../../arm-atollic-eabi/lib/armv7e-m/fpu\libc_nano.a(lib_a-init.o)
 .ARM.attributes
                0x00000474       0x34 c:/program files (x86)/atollic/truestudio for stm32 9.2.0/armtools/bin/../lib/gcc/arm-atollic-eabi/6.3.1/../../../../arm-atollic-eabi/lib/armv7e-m/fpu\libc_nano.a(lib_a-memset.o)
 .ARM.attributes
                0x000004a8       0x22 c:/program files (x86)/atollic/truestudio for stm32 9.2.0/armtools/bin/../lib/gcc/arm-atollic-eabi/6.3.1/armv7e-m/fpu/crtn.o
OUTPUT(STM32_NucleoServomotor_PWM_LL.elf elf32-littlearm)

.debug_info     0x00000000    0x16b6b
 .debug_info    0x00000000      0x9a1 CMSIS_SourcesK\arm_pid_init_f32.o
 .debug_info    0x000009a1     0x1054 Drivers\STM32F3xx_HAL_Driver\Src\stm32f3xx_hal.o
 .debug_info    0x000019f5     0x14e8 Drivers\STM32F3xx_HAL_Driver\Src\stm32f3xx_hal_cortex.o
 .debug_info    0x00002edd      0xfec Drivers\STM32F3xx_HAL_Driver\Src\stm32f3xx_hal_gpio.o
 .debug_info    0x00003ec9     0x1bc7 Drivers\STM32F3xx_HAL_Driver\Src\stm32f3xx_hal_rcc.o
 .debug_info    0x00005a90     0x3d64 Drivers\STM32F3xx_HAL_Driver\Src\stm32f3xx_hal_tim.o
 .debug_info    0x000097f4     0x1d97 Drivers\STM32F3xx_HAL_Driver\Src\stm32f3xx_hal_tim_ex.o
 .debug_info    0x0000b58b     0x2275 Drivers\STM32F3xx_HAL_Driver\Src\stm32f3xx_hal_uart.o
 .debug_info    0x0000d800      0xfb4 Drivers\STM32F3xx_HAL_Driver\Src\stm32f3xx_ll_exti.o
 .debug_info    0x0000e7b4     0x11e9 Drivers\STM32F3xx_HAL_Driver\Src\stm32f3xx_ll_gpio.o
 .debug_info    0x0000f99d     0x10bb Src\gpio.o
 .debug_info    0x00010a58     0x18cd Src\main.o
 .debug_info    0x00012325      0xacf Src\stm32f3xx_hal_msp.o
 .debug_info    0x00012df4      0xa4b Src\stm32f3xx_it.o
 .debug_info    0x0001383f      0xc74 Src\system_stm32f3xx.o
 .debug_info    0x000144b3     0x13f3 Src\tim.o
 .debug_info    0x000158a6     0x1207 Src\usart.o
 .debug_info    0x00016aad       0xbe startup\startup_stm32f334x8.o

.debug_abbrev   0x00000000     0x2e3e
 .debug_abbrev  0x00000000      0x1b0 CMSIS_SourcesK\arm_pid_init_f32.o
 .debug_abbrev  0x000001b0      0x2f5 Drivers\STM32F3xx_HAL_Driver\Src\stm32f3xx_hal.o
 .debug_abbrev  0x000004a5      0x374 Drivers\STM32F3xx_HAL_Driver\Src\stm32f3xx_hal_cortex.o
 .debug_abbrev  0x00000819      0x268 Drivers\STM32F3xx_HAL_Driver\Src\stm32f3xx_hal_gpio.o
 .debug_abbrev  0x00000a81      0x358 Drivers\STM32F3xx_HAL_Driver\Src\stm32f3xx_hal_rcc.o
 .debug_abbrev  0x00000dd9      0x3ab Drivers\STM32F3xx_HAL_Driver\Src\stm32f3xx_hal_tim.o
 .debug_abbrev  0x00001184      0x30d Drivers\STM32F3xx_HAL_Driver\Src\stm32f3xx_hal_tim_ex.o
 .debug_abbrev  0x00001491      0x384 Drivers\STM32F3xx_HAL_Driver\Src\stm32f3xx_hal_uart.o
 .debug_abbrev  0x00001815      0x281 Drivers\STM32F3xx_HAL_Driver\Src\stm32f3xx_ll_exti.o
 .debug_abbrev  0x00001a96      0x2ab Drivers\STM32F3xx_HAL_Driver\Src\stm32f3xx_ll_gpio.o
 .debug_abbrev  0x00001d41      0x2ca Src\gpio.o
 .debug_abbrev  0x0000200b      0x386 Src\main.o
 .debug_abbrev  0x00002391      0x1ee Src\stm32f3xx_hal_msp.o
 .debug_abbrev  0x0000257f      0x208 Src\stm32f3xx_it.o
 .debug_abbrev  0x00002787      0x1e2 Src\system_stm32f3xx.o
 .debug_abbrev  0x00002969      0x267 Src\tim.o
 .debug_abbrev  0x00002bd0      0x25c Src\usart.o
 .debug_abbrev  0x00002e2c       0x12 startup\startup_stm32f334x8.o

.debug_aranges  0x00000000      0x970
 .debug_aranges
                0x00000000       0x20 CMSIS_SourcesK\arm_pid_init_f32.o
 .debug_aranges
                0x00000020       0xd8 Drivers\STM32F3xx_HAL_Driver\Src\stm32f3xx_hal.o
 .debug_aranges
                0x000000f8       0x90 Drivers\STM32F3xx_HAL_Driver\Src\stm32f3xx_hal_cortex.o
 .debug_aranges
                0x00000188       0x58 Drivers\STM32F3xx_HAL_Driver\Src\stm32f3xx_hal_gpio.o
 .debug_aranges
                0x000001e0       0x88 Drivers\STM32F3xx_HAL_Driver\Src\stm32f3xx_hal_rcc.o
 .debug_aranges
                0x00000268      0x268 Drivers\STM32F3xx_HAL_Driver\Src\stm32f3xx_hal_tim.o
 .debug_aranges
                0x000004d0      0x120 Drivers\STM32F3xx_HAL_Driver\Src\stm32f3xx_hal_tim_ex.o
 .debug_aranges
                0x000005f0      0x1a0 Drivers\STM32F3xx_HAL_Driver\Src\stm32f3xx_hal_uart.o
 .debug_aranges
                0x00000790       0x30 Drivers\STM32F3xx_HAL_Driver\Src\stm32f3xx_ll_exti.o
 .debug_aranges
                0x000007c0       0x30 Drivers\STM32F3xx_HAL_Driver\Src\stm32f3xx_ll_gpio.o
 .debug_aranges
                0x000007f0       0x28 Src\gpio.o
 .debug_aranges
                0x00000818       0x38 Src\main.o
 .debug_aranges
                0x00000850       0x20 Src\stm32f3xx_hal_msp.o
 .debug_aranges
                0x00000870       0x48 Src\stm32f3xx_it.o
 .debug_aranges
                0x000008b8       0x28 Src\system_stm32f3xx.o
 .debug_aranges
                0x000008e0       0x38 Src\tim.o
 .debug_aranges
                0x00000918       0x30 Src\usart.o
 .debug_aranges
                0x00000948       0x28 startup\startup_stm32f334x8.o

.debug_ranges   0x00000000      0xd90
 .debug_ranges  0x00000000       0x10 CMSIS_SourcesK\arm_pid_init_f32.o
 .debug_ranges  0x00000010       0xc8 Drivers\STM32F3xx_HAL_Driver\Src\stm32f3xx_hal.o
 .debug_ranges  0x000000d8      0x120 Drivers\STM32F3xx_HAL_Driver\Src\stm32f3xx_hal_cortex.o
 .debug_ranges  0x000001f8       0x68 Drivers\STM32F3xx_HAL_Driver\Src\stm32f3xx_hal_gpio.o
 .debug_ranges  0x00000260      0x1d8 Drivers\STM32F3xx_HAL_Driver\Src\stm32f3xx_hal_rcc.o
 .debug_ranges  0x00000438      0x348 Drivers\STM32F3xx_HAL_Driver\Src\stm32f3xx_hal_tim.o
 .debug_ranges  0x00000780      0x110 Drivers\STM32F3xx_HAL_Driver\Src\stm32f3xx_hal_tim_ex.o
 .debug_ranges  0x00000890      0x190 Drivers\STM32F3xx_HAL_Driver\Src\stm32f3xx_hal_uart.o
 .debug_ranges  0x00000a20       0x80 Drivers\STM32F3xx_HAL_Driver\Src\stm32f3xx_ll_exti.o
 .debug_ranges  0x00000aa0       0x80 Drivers\STM32F3xx_HAL_Driver\Src\stm32f3xx_ll_gpio.o
 .debug_ranges  0x00000b20       0x88 Src\gpio.o
 .debug_ranges  0x00000ba8       0xc0 Src\main.o
 .debug_ranges  0x00000c68       0x40 Src\stm32f3xx_hal_msp.o
 .debug_ranges  0x00000ca8       0x38 Src\stm32f3xx_it.o
 .debug_ranges  0x00000ce0       0x18 Src\system_stm32f3xx.o
 .debug_ranges  0x00000cf8       0x40 Src\tim.o
 .debug_ranges  0x00000d38       0x38 Src\usart.o
 .debug_ranges  0x00000d70       0x20 startup\startup_stm32f334x8.o

.debug_line     0x00000000     0x603f
 .debug_line    0x00000000      0x265 CMSIS_SourcesK\arm_pid_init_f32.o
 .debug_line    0x00000265      0x47d Drivers\STM32F3xx_HAL_Driver\Src\stm32f3xx_hal.o
 .debug_line    0x000006e2      0x45d Drivers\STM32F3xx_HAL_Driver\Src\stm32f3xx_hal_cortex.o
 .debug_line    0x00000b3f      0x46c Drivers\STM32F3xx_HAL_Driver\Src\stm32f3xx_hal_gpio.o
 .debug_line    0x00000fab      0x871 Drivers\STM32F3xx_HAL_Driver\Src\stm32f3xx_hal_rcc.o
 .debug_line    0x0000181c     0x11ee Drivers\STM32F3xx_HAL_Driver\Src\stm32f3xx_hal_tim.o
 .debug_line    0x00002a0a      0x910 Drivers\STM32F3xx_HAL_Driver\Src\stm32f3xx_hal_tim_ex.o
 .debug_line    0x0000331a      0xd12 Drivers\STM32F3xx_HAL_Driver\Src\stm32f3xx_hal_uart.o
 .debug_line    0x0000402c      0x3ac Drivers\STM32F3xx_HAL_Driver\Src\stm32f3xx_ll_exti.o
 .debug_line    0x000043d8      0x442 Drivers\STM32F3xx_HAL_Driver\Src\stm32f3xx_ll_gpio.o
 .debug_line    0x0000481a      0x3b3 Src\gpio.o
 .debug_line    0x00004bcd      0x505 Src\main.o
 .debug_line    0x000050d2      0x2b1 Src\stm32f3xx_hal_msp.o
 .debug_line    0x00005383      0x2ca Src\stm32f3xx_it.o
 .debug_line    0x0000564d      0x2b7 Src\system_stm32f3xx.o
 .debug_line    0x00005904      0x37e Src\tim.o
 .debug_line    0x00005c82      0x33e Src\usart.o
 .debug_line    0x00005fc0       0x7f startup\startup_stm32f334x8.o

.debug_str      0x00000000     0x3d98
 .debug_str     0x00000000      0x658 CMSIS_SourcesK\arm_pid_init_f32.o
                                0x6de (size before relaxing)
 .debug_str     0x00000658      0x768 Drivers\STM32F3xx_HAL_Driver\Src\stm32f3xx_hal.o
                                0xd9c (size before relaxing)
 .debug_str     0x00000dc0      0x2e1 Drivers\STM32F3xx_HAL_Driver\Src\stm32f3xx_hal_cortex.o
                                0xe8d (size before relaxing)
 .debug_str     0x000010a1      0x226 Drivers\STM32F3xx_HAL_Driver\Src\stm32f3xx_hal_gpio.o
                                0xa0d (size before relaxing)
 .debug_str     0x000012c7      0x315 Drivers\STM32F3xx_HAL_Driver\Src\stm32f3xx_hal_rcc.o
                                0xb7a (size before relaxing)
 .debug_str     0x000015dc     0x1150 Drivers\STM32F3xx_HAL_Driver\Src\stm32f3xx_hal_tim.o
                               0x1917 (size before relaxing)
 .debug_str     0x0000272c      0x5a3 Drivers\STM32F3xx_HAL_Driver\Src\stm32f3xx_hal_tim_ex.o
                               0x1352 (size before relaxing)
 .debug_str     0x00002ccf      0x932 Drivers\STM32F3xx_HAL_Driver\Src\stm32f3xx_hal_uart.o
                               0x138f (size before relaxing)
 .debug_str     0x00003601      0x299 Drivers\STM32F3xx_HAL_Driver\Src\stm32f3xx_ll_exti.o
                                0x9fc (size before relaxing)
 .debug_str     0x0000389a      0x15d Drivers\STM32F3xx_HAL_Driver\Src\stm32f3xx_ll_gpio.o
                                0x92e (size before relaxing)
 .debug_str     0x000039f7       0x82 Src\gpio.o
                                0x9c0 (size before relaxing)
 .debug_str     0x00003a79      0x1a6 Src\main.o
                               0x1198 (size before relaxing)
 .debug_str     0x00003c1f       0x1b Src\stm32f3xx_hal_msp.o
                                0x79d (size before relaxing)
 .debug_str     0x00003c3a       0xa6 Src\stm32f3xx_it.o
                                0x7b1 (size before relaxing)
 .debug_str     0x00003ce0       0x5a Src\system_stm32f3xx.o
                                0x7f7 (size before relaxing)
 .debug_str     0x00003d3a       0x44 Src\tim.o
                                0xdf9 (size before relaxing)
 .debug_str     0x00003d7e       0x1a Src\usart.o
                                0xced (size before relaxing)

.comment        0x00000000       0x7c
 .comment       0x00000000       0x7c CMSIS_SourcesK\arm_pid_init_f32.o
                                 0x7d (size before relaxing)
 .comment       0x0000007c       0x7d Drivers\STM32F3xx_HAL_Driver\Src\stm32f3xx_hal.o
 .comment       0x0000007c       0x7d Drivers\STM32F3xx_HAL_Driver\Src\stm32f3xx_hal_cortex.o
 .comment       0x0000007c       0x7d Drivers\STM32F3xx_HAL_Driver\Src\stm32f3xx_hal_gpio.o
 .comment       0x0000007c       0x7d Drivers\STM32F3xx_HAL_Driver\Src\stm32f3xx_hal_rcc.o
 .comment       0x0000007c       0x7d Drivers\STM32F3xx_HAL_Driver\Src\stm32f3xx_hal_tim.o
 .comment       0x0000007c       0x7d Drivers\STM32F3xx_HAL_Driver\Src\stm32f3xx_hal_tim_ex.o
 .comment       0x0000007c       0x7d Drivers\STM32F3xx_HAL_Driver\Src\stm32f3xx_hal_uart.o
 .comment       0x0000007c       0x7d Drivers\STM32F3xx_HAL_Driver\Src\stm32f3xx_ll_exti.o
 .comment       0x0000007c       0x7d Drivers\STM32F3xx_HAL_Driver\Src\stm32f3xx_ll_gpio.o
 .comment       0x0000007c       0x7d Src\gpio.o
 .comment       0x0000007c       0x7d Src\main.o
 .comment       0x0000007c       0x7d Src\stm32f3xx_hal_msp.o
 .comment       0x0000007c       0x7d Src\stm32f3xx_it.o
 .comment       0x0000007c       0x7d Src\system_stm32f3xx.o
 .comment       0x0000007c       0x7d Src\tim.o
 .comment       0x0000007c       0x7d Src\usart.o

.debug_frame    0x00000000     0x1ac8
 .debug_frame   0x00000000       0x20 CMSIS_SourcesK\arm_pid_init_f32.o
 .debug_frame   0x00000020      0x1d0 Drivers\STM32F3xx_HAL_Driver\Src\stm32f3xx_hal.o
 .debug_frame   0x000001f0      0x120 Drivers\STM32F3xx_HAL_Driver\Src\stm32f3xx_hal_cortex.o
 .debug_frame   0x00000310       0xd8 Drivers\STM32F3xx_HAL_Driver\Src\stm32f3xx_hal_gpio.o
 .debug_frame   0x000003e8      0x14c Drivers\STM32F3xx_HAL_Driver\Src\stm32f3xx_hal_rcc.o
 .debug_frame   0x00000534      0x8b8 Drivers\STM32F3xx_HAL_Driver\Src\stm32f3xx_hal_tim.o
 .debug_frame   0x00000dec      0x3e4 Drivers\STM32F3xx_HAL_Driver\Src\stm32f3xx_hal_tim_ex.o
 .debug_frame   0x000011d0      0x568 Drivers\STM32F3xx_HAL_Driver\Src\stm32f3xx_hal_uart.o
 .debug_frame   0x00001738       0x48 Drivers\STM32F3xx_HAL_Driver\Src\stm32f3xx_ll_exti.o
 .debug_frame   0x00001780       0x54 Drivers\STM32F3xx_HAL_Driver\Src\stm32f3xx_ll_gpio.o
 .debug_frame   0x000017d4       0x50 Src\gpio.o
 .debug_frame   0x00001824       0x80 Src\main.o
 .debug_frame   0x000018a4       0x28 Src\stm32f3xx_hal_msp.o
 .debug_frame   0x000018cc       0xa0 Src\stm32f3xx_it.o
 .debug_frame   0x0000196c       0x38 Src\system_stm32f3xx.o
 .debug_frame   0x000019a4       0x78 Src\tim.o
 .debug_frame   0x00001a1c       0x60 Src\usart.o
 .debug_frame   0x00001a7c       0x2c c:/program files (x86)/atollic/truestudio for stm32 9.2.0/armtools/bin/../lib/gcc/arm-atollic-eabi/6.3.1/../../../../arm-atollic-eabi/lib/armv7e-m/fpu\libc_nano.a(lib_a-init.o)
 .debug_frame   0x00001aa8       0x20 c:/program files (x86)/atollic/truestudio for stm32 9.2.0/armtools/bin/../lib/gcc/arm-atollic-eabi/6.3.1/../../../../arm-atollic-eabi/lib/armv7e-m/fpu\libc_nano.a(lib_a-memset.o)

.debug_loc      0x00000000     0x7185
 .debug_loc     0x00000000      0x11b Drivers\STM32F3xx_HAL_Driver\Src\stm32f3xx_hal.o
 .debug_loc     0x0000011b      0x4da Drivers\STM32F3xx_HAL_Driver\Src\stm32f3xx_hal_cortex.o
 .debug_loc     0x000005f5      0x2ba Drivers\STM32F3xx_HAL_Driver\Src\stm32f3xx_hal_gpio.o
 .debug_loc     0x000008af      0x8ea Drivers\STM32F3xx_HAL_Driver\Src\stm32f3xx_hal_rcc.o
 .debug_loc     0x00001199     0x31ea Drivers\STM32F3xx_HAL_Driver\Src\stm32f3xx_hal_tim.o
 .debug_loc     0x00004383      0xe98 Drivers\STM32F3xx_HAL_Driver\Src\stm32f3xx_hal_tim_ex.o
 .debug_loc     0x0000521b     0x146f Drivers\STM32F3xx_HAL_Driver\Src\stm32f3xx_hal_uart.o
 .debug_loc     0x0000668a      0x2ab Drivers\STM32F3xx_HAL_Driver\Src\stm32f3xx_ll_exti.o
 .debug_loc     0x00006935      0x461 Drivers\STM32F3xx_HAL_Driver\Src\stm32f3xx_ll_gpio.o
 .debug_loc     0x00006d96      0x169 Src\gpio.o
 .debug_loc     0x00006eff      0x120 Src\main.o
 .debug_loc     0x0000701f       0xe2 Src\system_stm32f3xx.o
 .debug_loc     0x00007101       0x2c Src\tim.o
 .debug_loc     0x0000712d       0x58 Src\usart.o
